[      81ms] [ERROR] ./app/api/avatar/route.ts:2:1
Export bucketForKey doesn't exist in target module
  1 | ...extResponse } from "next/server"
> 2 | ...RIVATE_BUCKETS, bucketForKey, getPublicUrl } from "@/li...
    |    ^^^^^^^^^^^^^^^^^^^^^^^^^^^^^^^^^^^^^^^^^^^^^^^^^^^^^^^^^^
  3 | ...
  4 | ...e imágenes de storage. Solo sirve buckets públicos: rec...
  5 | ... buckets privados (DNI, documentos) para no depender so...

The export bucketForKey was not found in module [project]/lib/storage.ts [app-route] (ecmascript).
Did you mean to import uploadFile?
All exports of the module are statically known (It doesn't have dynamic exports). So it's known statically that the requested export doesn't exist. @ http://localhost:3000/_next/static/chunks/node_modules_next_dist_1gdrd03._.js:1945
[     101ms] [ERROR] Failed to load resource: the server responded with a status of 500 (Internal Server Error) @ http://localhost:3000/admin/productos:0
[     209ms] [INFO] %cDownload the React DevTools for a better development experience: https://react.dev/link/react-devtools font-weight:bold @ http://localhost:3000/_next/static/chunks/node_modules_react-dom_0kla17-._.js:15305
[     256ms] Error: ./app/api/avatar/route.ts:2:1
Export bucketForKey doesn't exist in target module
  1 | ...extResponse } from "next/server"
> 2 | ...RIVATE_BUCKETS, bucketForKey, getPublicUrl } from "@/li...
    |    ^^^^^^^^^^^^^^^^^^^^^^^^^^^^^^^^^^^^^^^^^^^^^^^^^^^^^^^^^^
  3 | ...
  4 | ...e imágenes de storage. Solo sirve buckets públicos: rec...
  5 | ... buckets privados (DNI, documentos) para no depender so...

The export bucketForKey was not found in module [project]/lib/storage.ts [app-route] (ecmascript).
Did you mean to import uploadFile?
All exports of the module are statically known (It doesn't have dynamic exports). So it's known statically that the requested export doesn't exist.


    at <unknown> (Error: ./app/api/avatar/route.ts:2:1)
    at Object.getCompilationErrors (file://C:\Users\Pc\Desktop\clientes\conectatuproff\node_modules\next\dist\server\dev\hot-reloader-turbopack.js:1186:59)
    at DevBundlerService.getCompilationError (file://C:\Users\Pc\Desktop\clientes\conectatuproff\node_modules\next\dist\server\lib\dev-bundler-service.js:44:55)
    at DevServer.getCompilationError (file://C:\Users\Pc\Desktop\clientes\conectatuproff\node_modules\next\dist\server\dev\next-dev-server.js:720:42)
    at DevServer.findPageComponents (file://C:\Users\Pc\Desktop\clientes\conectatuproff\node_modules\next\dist\server\dev\next-dev-server.js:690:43)
    at async DevServer.renderErrorToResponseImpl (file://C:\Users\Pc\Desktop\clientes\conectatuproff\node_modules\next\dist\server\base-server.js:1694:30)
[     238ms] [LOG] [HMR] connected @ http://localhost:3000/_next/static/chunks/node_modules_next_dist_1gdrd03._.js:1226
[     247ms] [ERROR] ./app/api/avatar/route.ts:2:1
Export bucketForKey doesn't exist in target module
  1 | ...extResponse } from "next/server"
> 2 | ...RIVATE_BUCKETS, bucketForKey, getPublicUrl } from "@/li...
    |    ^^^^^^^^^^^^^^^^^^^^^^^^^^^^^^^^^^^^^^^^^^^^^^^^^^^^^^^^^^
  3 | ...
  4 | ...e imágenes de storage. Solo sirve buckets públicos: rec...
  5 | ... buckets privados (DNI, documentos) para no depender so...

The export bucketForKey was not found in module [project]/lib/storage.ts [app-route] (ecmascript).
Did you mean to import uploadFile?
All exports of the module are statically known (It doesn't have dynamic exports). So it's known statically that the requested export doesn't exist. @ http://localhost:3000/_next/static/chunks/node_modules_next_dist_1gdrd03._.js:1945
[     363ms] [ERROR] ./app/api/avatar/route.ts:2:1
Export bucketForKey doesn't exist in target module
  1 | ...extResponse } from "next/server"
> 2 | ...RIVATE_BUCKETS, bucketForKey, getPublicUrl } from "@/li...
    |    ^^^^^^^^^^^^^^^^^^^^^^^^^^^^^^^^^^^^^^^^^^^^^^^^^^^^^^^^^^
  3 | ...
  4 | ...e imágenes de storage. Solo sirve buckets públicos: rec...
  5 | ... buckets privados (DNI, documentos) para no depender so...

The export bucketForKey was not found in module [project]/lib/storage.ts [app-route] (ecmascript).
Did you mean to import uploadFile?
All exports of the module are statically known (It doesn't have dynamic exports). So it's known statically that the requested export doesn't exist. @ http://localhost:3000/_next/static/chunks/node_modules_next_dist_1gdrd03._.js:1945
[     416ms] [LOG] [Fast Refresh] rebuilding @ http://localhost:3000/_next/static/chunks/node_modules_next_dist_1gdrd03._.js:1226
[   32725ms] [ERROR] WebSocket connection to 'ws://localhost:3000/_next/webpack-hmr' failed: Error in connection establishment: net::ERR_CONNECTION_REFUSED @ http://localhost:3000/_next/static/chunks/node_modules_next_dist_client_16lnmlo._.js:2343
[   36071ms] [ERROR] WebSocket connection to 'ws://localhost:3000/_next/webpack-hmr' failed: Error in connection establishment: net::ERR_CONNECTION_REFUSED @ http://localhost:3000/_next/static/chunks/node_modules_next_dist_client_16lnmlo._.js:2343
[   39442ms] [ERROR] WebSocket connection to 'ws://localhost:3000/_next/webpack-hmr' failed: Error in connection establishment: net::ERR_CONNECTION_REFUSED @ http://localhost:3000/_next/static/chunks/node_modules_next_dist_client_16lnmlo._.js:2343
[   42791ms] [ERROR] WebSocket connection to 'ws://localhost:3000/_next/webpack-hmr' failed: Error in connection establishment: net::ERR_CONNECTION_REFUSED @ http://localhost:3000/_next/static/chunks/node_modules_next_dist_client_16lnmlo._.js:2343
[   46142ms] [ERROR] WebSocket connection to 'ws://localhost:3000/_next/webpack-hmr' failed: Error in connection establishment: net::ERR_CONNECTION_REFUSED @ http://localhost:3000/_next/static/chunks/node_modules_next_dist_client_16lnmlo._.js:2343
[   53497ms] [ERROR] WebSocket connection to 'ws://localhost:3000/_next/webpack-hmr' failed: Error in connection establishment: net::ERR_CONNECTION_REFUSED @ http://localhost:3000/_next/static/chunks/node_modules_next_dist_client_16lnmlo._.js:2343
[   60854ms] [ERROR] WebSocket connection to 'ws://localhost:3000/_next/webpack-hmr' failed: Error in connection establishment: net::ERR_CONNECTION_REFUSED @ http://localhost:3000/_next/static/chunks/node_modules_next_dist_client_16lnmlo._.js:2343
[   68196ms] [ERROR] WebSocket connection to 'ws://localhost:3000/_next/webpack-hmr' failed: Error in connection establishment: net::ERR_CONNECTION_REFUSED @ http://localhost:3000/_next/static/chunks/node_modules_next_dist_client_16lnmlo._.js:2343
[   74057ms] [ERROR] WebSocket connection to 'ws://localhost:3000/_next/webpack-hmr' failed: Error during WebSocket handshake: net::ERR_CONNECTION_RESET @ http://localhost:3000/_next/static/chunks/node_modules_next_dist_client_16lnmlo._.js:2343
[   81425ms] [ERROR] WebSocket connection to 'ws://localhost:3000/_next/webpack-hmr' failed: Error in connection establishment: net::ERR_CONNECTION_REFUSED @ http://localhost:3000/_next/static/chunks/node_modules_next_dist_client_16lnmlo._.js:2343
[   88789ms] [ERROR] WebSocket connection to 'ws://localhost:3000/_next/webpack-hmr' failed: Error in connection establishment: net::ERR_CONNECTION_REFUSED @ http://localhost:3000/_next/static/chunks/node_modules_next_dist_client_16lnmlo._.js:2343
[   96133ms] [ERROR] WebSocket connection to 'ws://localhost:3000/_next/webpack-hmr' failed: Error in connection establishment: net::ERR_CONNECTION_REFUSED @ http://localhost:3000/_next/static/chunks/node_modules_next_dist_client_16lnmlo._.js:2343
